// Jest Snapshot v1, https://goo.gl/fbAQLP

exports[`MessageImage 스냅샷과 매칭이 된다. 1`] = `
<div>
  <img
    alt="https://firebasestorage.googleapis.com/v0/b/hand-pokemon-2.appspot.com/o/workshopImages%2FXL6bftAQxqyLPFSStXcdAnW9aoPFncOW?alt=media&token=36cca2b9-0591-4ff3-b27f-0137a2126808"
    onClick={[Function]}
    onLoad={[Function]}
    src="https://firebasestorage.googleapis.com/v0/b/hand-pokemon-2.appspot.com/o/workshopImages%2FXL6bftAQxqyLPFSStXcdAnW9aoPFncOW?alt=media&token=36cca2b9-0591-4ff3-b27f-0137a2126808"
    style={
      Object {
        "cursor": "pointer",
        "maxWidth": 200,
      }
    }
  />
  <MyComponent
    alt="https://firebasestorage.googleapis.com/v0/b/hand-pokemon-2.appspot.com/o/workshopImages%2FXL6bftAQxqyLPFSStXcdAnW9aoPFncOW?alt=media&token=36cca2b9-0591-4ff3-b27f-0137a2126808"
    img="https://firebasestorage.googleapis.com/v0/b/hand-pokemon-2.appspot.com/o/workshopImages%2FXL6bftAQxqyLPFSStXcdAnW9aoPFncOW?alt=media&token=36cca2b9-0591-4ff3-b27f-0137a2126808"
    onClose={[Function]}
    title={null}
    visible={false}
  />
</div>
`;
