// Jest Snapshot v1, https://goo.gl/fbAQLP

exports[`MessageImage 스냅샷과 일치한다. 1`] = `
<div>
  <img
    alt="https://s.pstatic.net/static/www/img/2018/sp_search.svg"
    onClick={[Function]}
    onLoad={[Function]}
    src="https://s.pstatic.net/static/www/img/2018/sp_search.svg"
    style={
      Object {
        "cursor": "pointer",
        "maxWidth": 200,
      }
    }
  />
  <MyComponent
    alt="https://s.pstatic.net/static/www/img/2018/sp_search.svg"
    img="https://s.pstatic.net/static/www/img/2018/sp_search.svg"
    onClose={[Function]}
    title={null}
    visible={false}
  />
</div>
`;
